[dotenv@17.2.2] injecting env (9) from .env.local -- tip: ⚙️  override existing env vars with { override: true }
==================================================
    Messages Challenger Test Suite (Network)       
==================================================

--- Seeding Database for Messages Challenger Tests ---
Demo User: demo-user-id (sarah.chen@peakone.ai)
Alex User: alex-id (alex.rivera@peakone.ai)
Conversation 'conv-1' already exists
Verified conversation participants for 'conv-1'
Port 3001 is not active. Starting server...
Starting Next.js dev server...
Server is ready on port 3001.

--- Scenario 1: Offline Buffering & local storage queue verification ---
